{
  "Packages": {
    "Calamari": {
      "PackageId": "Calamari",
      "Version": "14.2.2-enh-platforms0010",
      "IsNupkg": true,
      "PlatformHashes": {
        "linux-arm": [
          "<hash>",
          "<hash>",
          "<hash>",
          "<hash>",
          "<hash>",
          "<hash>",
          "<hash>",
          "<hash>",
          "<hash>",
          "<hash>",
          "<hash>",
          "<hash>",
          "<hash>",
          "<hash>",
          "<hash>",
          "<hash>",
          "<hash>",
          "<hash>",
          "<hash>",
          "<hash>",
          "<hash>",
          "<hash>",
          "<hash>",
          "<hash>",
          "<hash>",
          "<hash>",
          "<hash>",
          "<hash>",
          "<hash>",
          "<hash>",
          "<hash>",
          "<hash>",
          "<hash>",
          "<hash>",
          "<hash>",
          "<hash>",
          "<hash>",
          "<hash>",
          "<hash>",
          "<hash>",
          "<hash>",
          "<hash>",
          "<hash>",
          "<hash>",
          "<hash>",
          "<hash>",
          "<hash>",
          "<hash>",
          "<hash>",
          "<hash>",
          "<hash>",
          "<hash>",
          "<hash>",
          "<hash>",
          "<hash>",
          "<hash>",
          "<hash>",
          "<hash>",
          "<hash>",
          "<hash>",
          "<hash>",
          "<hash>",
          "<hash>",
          "<hash>",
          "<hash>",
          "<hash>",
          "<hash>",
          "<hash>",
          "<hash>",
          "<hash>",
          "<hash>",
          "<hash>",
          "<hash>",
          "<hash>",
          "<hash>",
          "<hash>",
          "<hash>",
          "<hash>",
          "<hash>",
          "<hash>",
          "<hash>",
          "<hash>",
          "<hash>",
          "<hash>",
          "<hash>",
          "<hash>",
          "<hash>",
          "<hash>",
          "<hash>",
          "<hash>",
          "<hash>",
          "<hash>",
          "<hash>",
          "<hash>",
          "<hash>",
          "<hash>",
          "<hash>",
          "<hash>",
          "<hash>",
          "<hash>",
          "<hash>",
          "<hash>",
          "<hash>",
          "<hash>",
          "<hash>",
          "<hash>",
          "<hash>",
          "<hash>",
          "<hash>",
          "<hash>",
          "<hash>",
          "<hash>",
          "<hash>",
          "<hash>",
          "<hash>",
          "<hash>",
          "<hash>",
          "<hash>",
          "<hash>",
          "<hash>",
          "<hash>",
          "<hash>",
          "<hash>",
          "<hash>",
          "<hash>",
          "<hash>",
          "<hash>",
          "<hash>",
          "<hash>",
          "<hash>",
          "<hash>",
          "<hash>",
          "<hash>",
          "<hash>",
          "<hash>",
          "<hash>",
          "<hash>",
          "<hash>",
          "<hash>",
          "<hash>",
          "<hash>",
          "<hash>",
          "<hash>",
          "<hash>",
          "<hash>",
          "<hash>",
          "<hash>",
          "<hash>",
          "<hash>",
          "<hash>",
          "<hash>",
          "<hash>",
          "<hash>",
          "<hash>",
          "<hash>",
          "<hash>",
          "<hash>",
          "<hash>",
          "<hash>",
          "<hash>",
          "<hash>",
          "<hash>",
          "<hash>",
          "<hash>",
          "<hash>",
          "<hash>",
          "<hash>",
          "<hash>",
          "<hash>",
          "<hash>",
          "<hash>",
          "<hash>",
          "<hash>",
          "<hash>",
          "<hash>",
          "<hash>",
          "<hash>",
          "<hash>",
          "<hash>",
          "<hash>",
          "<hash>",
          "<hash>",
          "<hash>",
          "<hash>",
          "<hash>",
          "<hash>",
          "<hash>",
          "<hash>",
          "<hash>",
          "<hash>",
          "<hash>",
          "<hash>",
          "<hash>",
          "<hash>",
          "<hash>",
          "<hash>",
          "<hash>",
          "<hash>",
          "<hash>",
          "<hash>",
          "<hash>",
          "<hash>",
          "<hash>",
          "<hash>",
          "<hash>",
          "<hash>",
          "<hash>",
          "<hash>",
          "<hash>",
          "<hash>",
          "<hash>",
          "<hash>",
          "<hash>",
          "<hash>",
          "<hash>",
          "<hash>",
          "<hash>",
          "<hash>",
          "<hash>",
          "<hash>",
          "<hash>",
          "<hash>",
          "<hash>",
          "<hash>",
          "<hash>",
          "<hash>",
          "<hash>",
          "<hash>",
          "<hash>",
          "<hash>",
          "<hash>",
          "<hash>",
          "<hash>",
          "<hash>",
          "<hash>",
          "<hash>",
          "<hash>",
          "<hash>",
          "<hash>",
          "<hash>",
          "<hash>",
          "<hash>",
          "<hash>",
          "<hash>",
          "<hash>",
          "<hash>",
          "<hash>",
          "<hash>",
          "<hash>",
          "<hash>",
          "<hash>",
          "<hash>",
          "<hash>",
          "<hash>",
          "<hash>",
          "<hash>",
          "<hash>",
          "<hash>",
          "<hash>",
          "<hash>",
          "<hash>",
          "<hash>",
          "<hash>",
          "<hash>",
          "<hash>",
          "<hash>",
          "<hash>",
          "<hash>",
          "<hash>",
          "<hash>",
          "<hash>",
          "<hash>",
          "<hash>",
          "<hash>",
          "<hash>",
          "<hash>",
          "<hash>",
          "<hash>",
          "<hash>",
          "<hash>",
          "<hash>",
          "<hash>",
          "<hash>",
          "<hash>",
          "<hash>",
          "<hash>",
          "<hash>",
          "<hash>",
          "<hash>",
          "<hash>",
          "<hash>",
          "<hash>",
          "<hash>",
          "<hash>",
          "<hash>",
          "<hash>",
          "<hash>",
          "<hash>",
          "<hash>",
          "<hash>",
          "<hash>",
          "<hash>",
          "<hash>",
          "<hash>",
          "<hash>",
          "<hash>",
          "<hash>",
          "<hash>",
          "<hash>",
          "<hash>",
          "<hash>",
          "<hash>"
        ],
        "linux-arm64": [
          "<hash>",
          "<hash>",
          "<hash>",
          "<hash>",
          "<hash>",
          "<hash>",
          "<hash>",
          "<hash>",
          "<hash>",
          "<hash>",
          "<hash>",
          "<hash>",
          "<hash>",
          "<hash>",
          "<hash>",
          "<hash>",
          "<hash>",
          "<hash>",
          "<hash>",
          "<hash>",
          "<hash>",
          "<hash>",
          "<hash>",
          "<hash>",
          "<hash>",
          "<hash>",
          "<hash>",
          "<hash>",
          "<hash>",
          "<hash>",
          "<hash>",
          "<hash>",
          "<hash>",
          "<hash>",
          "<hash>",
          "<hash>",
          "<hash>",
          "<hash>",
          "<hash>",
          "<hash>",
          "<hash>",
          "<hash>",
          "<hash>",
          "<hash>",
          "<hash>",
          "<hash>",
          "<hash>",
          "<hash>",
          "<hash>",
          "<hash>",
          "<hash>",
          "<hash>",
          "<hash>",
          "<hash>",
          "<hash>",
          "<hash>",
          "<hash>",
          "<hash>",
          "<hash>",
          "<hash>",
          "<hash>",
          "<hash>",
          "<hash>",
          "<hash>",
          "<hash>",
          "<hash>",
          "<hash>",
          "<hash>",
          "<hash>",
          "<hash>",
          "<hash>",
          "<hash>",
          "<hash>",
          "<hash>",
          "<hash>",
          "<hash>",
          "<hash>",
          "<hash>",
          "<hash>",
          "<hash>",
          "<hash>",
          "<hash>",
          "<hash>",
          "<hash>",
          "<hash>",
          "<hash>",
          "<hash>",
          "<hash>",
          "<hash>",
          "<hash>",
          "<hash>",
          "<hash>",
          "<hash>",
          "<hash>",
          "<hash>",
          "<hash>",
          "<hash>",
          "<hash>",
          "<hash>",
          "<hash>",
          "<hash>",
          "<hash>",
          "<hash>",
          "<hash>",
          "<hash>",
          "<hash>",
          "<hash>",
          "<hash>",
          "<hash>",
          "<hash>",
          "<hash>",
          "<hash>",
          "<hash>",
          "<hash>",
          "<hash>",
          "<hash>",
          "<hash>",
          "<hash>",
          "<hash>",
          "<hash>",
          "<hash>",
          "<hash>",
          "<hash>",
          "<hash>",
          "<hash>",
          "<hash>",
          "<hash>",
          "<hash>",
          "<hash>",
          "<hash>",
          "<hash>",
          "<hash>",
          "<hash>",
          "<hash>",
          "<hash>",
          "<hash>",
          "<hash>",
          "<hash>",
          "<hash>",
          "<hash>",
          "<hash>",
          "<hash>",
          "<hash>",
          "<hash>",
          "<hash>",
          "<hash>",
          "<hash>",
          "<hash>",
          "<hash>",
          "<hash>",
          "<hash>",
          "<hash>",
          "<hash>",
          "<hash>",
          "<hash>",
          "<hash>",
          "<hash>",
          "<hash>",
          "<hash>",
          "<hash>",
          "<hash>",
          "<hash>",
          "<hash>",
          "<hash>",
          "<hash>",
          "<hash>",
          "<hash>",
          "<hash>",
          "<hash>",
          "<hash>",
          "<hash>",
          "<hash>",
          "<hash>",
          "<hash>",
          "<hash>",
          "<hash>",
          "<hash>",
          "<hash>",
          "<hash>",
          "<hash>",
          "<hash>",
          "<hash>",
          "<hash>",
          "<hash>",
          "<hash>",
          "<hash>",
          "<hash>",
          "<hash>",
          "<hash>",
          "<hash>",
          "<hash>",
          "<hash>",
          "<hash>",
          "<hash>",
          "<hash>",
          "<hash>",
          "<hash>",
          "<hash>",
          "<hash>",
          "<hash>",
          "<hash>",
          "<hash>",
          "<hash>",
          "<hash>",
          "<hash>",
          "<hash>",
          "<hash>",
          "<hash>",
          "<hash>",
          "<hash>",
          "<hash>",
          "<hash>",
          "<hash>",
          "<hash>",
          "<hash>",
          "<hash>",
          "<hash>",
          "<hash>",
          "<hash>",
          "<hash>",
          "<hash>",
          "<hash>",
          "<hash>",
          "<hash>",
          "<hash>",
          "<hash>",
          "<hash>",
          "<hash>",
          "<hash>",
          "<hash>",
          "<hash>",
          "<hash>",
          "<hash>",
          "<hash>",
          "<hash>",
          "<hash>",
          "<hash>",
          "<hash>",
          "<hash>",
          "<hash>",
          "<hash>",
          "<hash>",
          "<hash>",
          "<hash>",
          "<hash>",
          "<hash>",
          "<hash>",
          "<hash>",
          "<hash>",
          "<hash>",
          "<hash>",
          "<hash>",
          "<hash>",
          "<hash>",
          "<hash>",
          "<hash>",
          "<hash>",
          "<hash>",
          "<hash>",
          "<hash>",
          "<hash>",
          "<hash>",
          "<hash>",
          "<hash>",
          "<hash>",
          "<hash>",
          "<hash>",
          "<hash>",
          "<hash>",
          "<hash>",
          "<hash>",
          "<hash>",
          "<hash>",
          "<hash>",
          "<hash>",
          "<hash>",
          "<hash>",
          "<hash>",
          "<hash>",
          "<hash>",
          "<hash>",
          "<hash>",
          "<hash>",
          "<hash>",
          "<hash>",
          "<hash>",
          "<hash>",
          "<hash>",
          "<hash>",
          "<hash>",
          "<hash>",
          "<hash>",
          "<hash>",
          "<hash>",
          "<hash>",
          "<hash>",
          "<hash>",
          "<hash>",
          "<hash>",
          "<hash>",
          "<hash>",
          "<hash>",
          "<hash>",
          "<hash>",
          "<hash>",
          "<hash>",
          "<hash>",
          "<hash>",
          "<hash>",
          "<hash>",
          "<hash>",
          "<hash>"
        ],
        "linux-x64": [
          "<hash>",
          "<hash>",
          "<hash>",
          "<hash>",
          "<hash>",
          "<hash>",
          "<hash>",
          "<hash>",
          "<hash>",
          "<hash>",
          "<hash>",
          "<hash>",
          "<hash>",
          "<hash>",
          "<hash>",
          "<hash>",
          "<hash>",
          "<hash>",
          "<hash>",
          "<hash>",
          "<hash>",
          "<hash>",
          "<hash>",
          "<hash>",
          "<hash>",
          "<hash>",
          "<hash>",
          "<hash>",
          "<hash>",
          "<hash>",
          "<hash>",
          "<hash>",
          "<hash>",
          "<hash>",
          "<hash>",
          "<hash>",
          "<hash>",
          "<hash>",
          "<hash>",
          "<hash>",
          "<hash>",
          "<hash>",
          "<hash>",
          "<hash>",
          "<hash>",
          "<hash>",
          "<hash>",
          "<hash>",
          "<hash>",
          "<hash>",
          "<hash>",
          "<hash>",
          "<hash>",
          "<hash>",
          "<hash>",
          "<hash>",
          "<hash>",
          "<hash>",
          "<hash>",
          "<hash>",
          "<hash>",
          "<hash>",
          "<hash>",
          "<hash>",
          "<hash>",
          "<hash>",
          "<hash>",
          "<hash>",
          "<hash>",
          "<hash>",
          "<hash>",
          "<hash>",
          "<hash>",
          "<hash>",
          "<hash>",
          "<hash>",
          "<hash>",
          "<hash>",
          "<hash>",
          "<hash>",
          "<hash>",
          "<hash>",
          "<hash>",
          "<hash>",
          "<hash>",
          "<hash>",
          "<hash>",
          "<hash>",
          "<hash>",
          "<hash>",
          "<hash>",
          "<hash>",
          "<hash>",
          "<hash>",
          "<hash>",
          "<hash>",
          "<hash>",
          "<hash>",
          "<hash>",
          "<hash>",
          "<hash>",
          "<hash>",
          "<hash>",
          "<hash>",
          "<hash>",
          "<hash>",
          "<hash>",
          "<hash>",
          "<hash>",
          "<hash>",
          "<hash>",
          "<hash>",
          "<hash>",
          "<hash>",
          "<hash>",
          "<hash>",
          "<hash>",
          "<hash>",
          "<hash>",
          "<hash>",
          "<hash>",
          "<hash>",
          "<hash>",
          "<hash>",
          "<hash>",
          "<hash>",
          "<hash>",
          "<hash>",
          "<hash>",
          "<hash>",
          "<hash>",
          "<hash>",
          "<hash>",
          "<hash>",
          "<hash>",
          "<hash>",
          "<hash>",
          "<hash>",
          "<hash>",
          "<hash>",
          "<hash>",
          "<hash>",
          "<hash>",
          "<hash>",
          "<hash>",
          "<hash>",
          "<hash>",
          "<hash>",
          "<hash>",
          "<hash>",
          "<hash>",
          "<hash>",
          "<hash>",
          "<hash>",
          "<hash>",
          "<hash>",
          "<hash>",
          "<hash>",
          "<hash>",
          "<hash>",
          "<hash>",
          "<hash>",
          "<hash>",
          "<hash>",
          "<hash>",
          "<hash>",
          "<hash>",
          "<hash>",
          "<hash>",
          "<hash>",
          "<hash>",
          "<hash>",
          "<hash>",
          "<hash>",
          "<hash>",
          "<hash>",
          "<hash>",
          "<hash>",
          "<hash>",
          "<hash>",
          "<hash>",
          "<hash>",
          "<hash>",
          "<hash>",
          "<hash>",
          "<hash>",
          "<hash>",
          "<hash>",
          "<hash>",
          "<hash>",
          "<hash>",
          "<hash>",
          "<hash>",
          "<hash>",
          "<hash>",
          "<hash>",
          "<hash>",
          "<hash>",
          "<hash>",
          "<hash>",
          "<hash>",
          "<hash>",
          "<hash>",
          "<hash>",
          "<hash>",
          "<hash>",
          "<hash>",
          "<hash>",
          "<hash>",
          "<hash>",
          "<hash>",
          "<hash>",
          "<hash>",
          "<hash>",
          "<hash>",
          "<hash>",
          "<hash>",
          "<hash>",
          "<hash>",
          "<hash>",
          "<hash>",
          "<hash>",
          "<hash>",
          "<hash>",
          "<hash>",
          "<hash>",
          "<hash>",
          "<hash>",
          "<hash>",
          "<hash>",
          "<hash>",
          "<hash>",
          "<hash>",
          "<hash>",
          "<hash>",
          "<hash>",
          "<hash>",
          "<hash>",
          "<hash>",
          "<hash>",
          "<hash>",
          "<hash>",
          "<hash>",
          "<hash>",
          "<hash>",
          "<hash>",
          "<hash>",
          "<hash>",
          "<hash>",
          "<hash>",
          "<hash>",
          "<hash>",
          "<hash>",
          "<hash>",
          "<hash>",
          "<hash>",
          "<hash>",
          "<hash>",
          "<hash>",
          "<hash>",
          "<hash>",
          "<hash>",
          "<hash>",
          "<hash>",
          "<hash>",
          "<hash>",
          "<hash>",
          "<hash>",
          "<hash>",
          "<hash>",
          "<hash>",
          "<hash>",
          "<hash>",
          "<hash>",
          "<hash>",
          "<hash>",
          "<hash>",
          "<hash>",
          "<hash>",
          "<hash>",
          "<hash>",
          "<hash>",
          "<hash>",
          "<hash>",
          "<hash>",
          "<hash>",
          "<hash>",
          "<hash>",
          "<hash>",
          "<hash>",
          "<hash>",
          "<hash>",
          "<hash>",
          "<hash>",
          "<hash>",
          "<hash>",
          "<hash>",
          "<hash>",
          "<hash>",
          "<hash>",
          "<hash>",
          "<hash>",
          "<hash>",
          "<hash>",
          "<hash>",
          "<hash>",
          "<hash>",
          "<hash>",
          "<hash>",
          "<hash>",
          "<hash>",
          "<hash>"
        ],
        "net40": [
          "<hash>",
          "<hash>",
          "<hash>",
          "<hash>",
          "<hash>",
          "<hash>",
          "<hash>",
          "<hash>",
          "<hash>",
          "<hash>",
          "<hash>",
          "<hash>",
          "<hash>",
          "<hash>",
          "<hash>",
          "<hash>",
          "<hash>",
          "<hash>",
          "<hash>",
          "<hash>",
          "<hash>",
          "<hash>",
          "<hash>",
          "<hash>",
          "<hash>",
          "<hash>",
          "<hash>",
          "<hash>",
          "<hash>",
          "<hash>",
          "<hash>",
          "<hash>",
          "<hash>",
          "<hash>",
          "<hash>",
          "<hash>",
          "<hash>",
          "<hash>",
          "<hash>",
          "<hash>",
          "<hash>",
          "<hash>",
          "<hash>",
          "<hash>",
          "<hash>",
          "<hash>",
          "<hash>",
          "<hash>",
          "<hash>",
          "<hash>",
          "<hash>",
          "<hash>",
          "<hash>",
          "<hash>",
          "<hash>",
          "<hash>",
          "<hash>",
          "<hash>",
          "<hash>",
          "<hash>",
          "<hash>",
          "<hash>",
          "<hash>",
          "<hash>",
          "<hash>",
          "<hash>",
          "<hash>",
          "<hash>",
          "<hash>",
          "<hash>",
          "<hash>",
          "<hash>",
          "<hash>",
          "<hash>",
          "<hash>",
          "<hash>",
          "<hash>",
          "<hash>",
          "<hash>",
          "<hash>",
          "<hash>",
          "<hash>",
          "<hash>",
          "<hash>",
          "<hash>",
          "<hash>",
          "<hash>",
          "<hash>",
          "<hash>"
        ],
        "net452": [
          "<hash>",
          "<hash>",
          "<hash>",
          "<hash>",
          "<hash>",
          "<hash>",
          "<hash>",
          "<hash>",
          "<hash>",
          "<hash>",
          "<hash>",
          "<hash>",
          "<hash>",
          "<hash>",
          "<hash>",
          "<hash>",
          "<hash>",
          "<hash>",
          "<hash>",
          "<hash>",
          "<hash>",
          "<hash>",
          "<hash>",
          "<hash>",
          "<hash>",
          "<hash>",
          "<hash>",
          "<hash>",
          "<hash>",
          "<hash>",
          "<hash>",
          "<hash>",
          "<hash>",
          "<hash>",
          "<hash>",
          "<hash>",
          "<hash>",
          "<hash>",
          "<hash>",
          "<hash>",
          "<hash>",
          "<hash>",
          "<hash>",
          "<hash>",
          "<hash>",
          "<hash>",
          "<hash>",
          "<hash>",
          "<hash>",
          "<hash>",
          "<hash>",
          "<hash>",
          "<hash>",
          "<hash>",
          "<hash>",
          "<hash>",
          "<hash>",
          "<hash>",
          "<hash>",
          "<hash>",
          "<hash>",
          "<hash>",
          "<hash>",
          "<hash>",
          "<hash>",
          "<hash>",
          "<hash>",
          "<hash>",
          "<hash>",
          "<hash>",
          "<hash>",
          "<hash>",
          "<hash>",
          "<hash>",
          "<hash>",
          "<hash>",
          "<hash>",
          "<hash>",
          "<hash>",
          "<hash>",
          "<hash>",
          "<hash>",
          "<hash>",
          "<hash>",
          "<hash>",
          "<hash>",
          "<hash>",
          "<hash>",
          "<hash>",
          "<hash>",
          "<hash>",
          "<hash>",
          "<hash>",
          "<hash>",
          "<hash>",
          "<hash>",
          "<hash>",
          "<hash>",
          "<hash>",
          "<hash>",
          "<hash>",
          "<hash>",
          "<hash>",
          "<hash>",
          "<hash>",
          "<hash>",
          "<hash>",
          "<hash>",
          "<hash>",
          "<hash>",
          "<hash>",
          "<hash>",
          "<hash>",
          "<hash>",
          "<hash>",
          "<hash>",
          "<hash>",
          "<hash>",
          "<hash>",
          "<hash>",
          "<hash>",
          "<hash>",
          "<hash>",
          "<hash>",
          "<hash>",
          "<hash>",
          "<hash>",
          "<hash>",
          "<hash>",
          "<hash>",
          "<hash>",
          "<hash>",
          "<hash>",
          "<hash>",
          "<hash>",
          "<hash>",
          "<hash>",
          "<hash>",
          "<hash>",
          "<hash>",
          "<hash>",
          "<hash>",
          "<hash>",
          "<hash>",
          "<hash>",
          "<hash>",
          "<hash>",
          "<hash>",
          "<hash>",
          "<hash>",
          "<hash>",
          "<hash>",
          "<hash>",
          "<hash>",
          "<hash>",
          "<hash>",
          "<hash>",
          "<hash>",
          "<hash>",
          "<hash>",
          "<hash>",
          "<hash>",
          "<hash>",
          "<hash>",
          "<hash>",
          "<hash>",
          "<hash>",
          "<hash>",
          "<hash>",
          "<hash>",
          "<hash>",
          "<hash>",
          "<hash>",
          "<hash>",
          "<hash>"
        ],
        "osx-x64": [
          "<hash>",
          "<hash>",
          "<hash>",
          "<hash>",
          "<hash>",
          "<hash>",
          "<hash>",
          "<hash>",
          "<hash>",
          "<hash>",
          "<hash>",
          "<hash>",
          "<hash>",
          "<hash>",
          "<hash>",
          "<hash>",
          "<hash>",
          "<hash>",
          "<hash>",
          "<hash>",
          "<hash>",
          "<hash>",
          "<hash>",
          "<hash>",
          "<hash>",
          "<hash>",
          "<hash>",
          "<hash>",
          "<hash>",
          "<hash>",
          "<hash>",
          "<hash>",
          "<hash>",
          "<hash>",
          "<hash>",
          "<hash>",
          "<hash>",
          "<hash>",
          "<hash>",
          "<hash>",
          "<hash>",
          "<hash>",
          "<hash>",
          "<hash>",
          "<hash>",
          "<hash>",
          "<hash>",
          "<hash>",
          "<hash>",
          "<hash>",
          "<hash>",
          "<hash>",
          "<hash>",
          "<hash>",
          "<hash>",
          "<hash>",
          "<hash>",
          "<hash>",
          "<hash>",
          "<hash>",
          "<hash>",
          "<hash>",
          "<hash>",
          "<hash>",
          "<hash>",
          "<hash>",
          "<hash>",
          "<hash>",
          "<hash>",
          "<hash>",
          "<hash>",
          "<hash>",
          "<hash>",
          "<hash>",
          "<hash>",
          "<hash>",
          "<hash>",
          "<hash>",
          "<hash>",
          "<hash>",
          "<hash>",
          "<hash>",
          "<hash>",
          "<hash>",
          "<hash>",
          "<hash>",
          "<hash>",
          "<hash>",
          "<hash>",
          "<hash>",
          "<hash>",
          "<hash>",
          "<hash>",
          "<hash>",
          "<hash>",
          "<hash>",
          "<hash>",
          "<hash>",
          "<hash>",
          "<hash>",
          "<hash>",
          "<hash>",
          "<hash>",
          "<hash>",
          "<hash>",
          "<hash>",
          "<hash>",
          "<hash>",
          "<hash>",
          "<hash>",
          "<hash>",
          "<hash>",
          "<hash>",
          "<hash>",
          "<hash>",
          "<hash>",
          "<hash>",
          "<hash>",
          "<hash>",
          "<hash>",
          "<hash>",
          "<hash>",
          "<hash>",
          "<hash>",
          "<hash>",
          "<hash>",
          "<hash>",
          "<hash>",
          "<hash>",
          "<hash>",
          "<hash>",
          "<hash>",
          "<hash>",
          "<hash>",
          "<hash>",
          "<hash>",
          "<hash>",
          "<hash>",
          "<hash>",
          "<hash>",
          "<hash>",
          "<hash>",
          "<hash>",
          "<hash>",
          "<hash>",
          "<hash>",
          "<hash>",
          "<hash>",
          "<hash>",
          "<hash>",
          "<hash>",
          "<hash>",
          "<hash>",
          "<hash>",
          "<hash>",
          "<hash>",
          "<hash>",
          "<hash>",
          "<hash>",
          "<hash>",
          "<hash>",
          "<hash>",
          "<hash>",
          "<hash>",
          "<hash>",
          "<hash>",
          "<hash>",
          "<hash>",
          "<hash>",
          "<hash>",
          "<hash>",
          "<hash>",
          "<hash>",
          "<hash>",
          "<hash>",
          "<hash>",
          "<hash>",
          "<hash>",
          "<hash>",
          "<hash>",
          "<hash>",
          "<hash>",
          "<hash>",
          "<hash>",
          "<hash>",
          "<hash>",
          "<hash>",
          "<hash>",
          "<hash>",
          "<hash>",
          "<hash>",
          "<hash>",
          "<hash>",
          "<hash>",
          "<hash>",
          "<hash>",
          "<hash>",
          "<hash>",
          "<hash>",
          "<hash>",
          "<hash>",
          "<hash>",
          "<hash>",
          "<hash>",
          "<hash>",
          "<hash>",
          "<hash>",
          "<hash>",
          "<hash>",
          "<hash>",
          "<hash>",
          "<hash>",
          "<hash>",
          "<hash>",
          "<hash>",
          "<hash>",
          "<hash>",
          "<hash>",
          "<hash>",
          "<hash>",
          "<hash>",
          "<hash>",
          "<hash>",
          "<hash>",
          "<hash>",
          "<hash>",
          "<hash>",
          "<hash>",
          "<hash>",
          "<hash>",
          "<hash>",
          "<hash>",
          "<hash>",
          "<hash>",
          "<hash>",
          "<hash>",
          "<hash>",
          "<hash>",
          "<hash>",
          "<hash>",
          "<hash>",
          "<hash>",
          "<hash>",
          "<hash>",
          "<hash>",
          "<hash>",
          "<hash>",
          "<hash>",
          "<hash>",
          "<hash>",
          "<hash>",
          "<hash>",
          "<hash>",
          "<hash>",
          "<hash>",
          "<hash>",
          "<hash>",
          "<hash>",
          "<hash>",
          "<hash>",
          "<hash>",
          "<hash>",
          "<hash>",
          "<hash>",
          "<hash>",
          "<hash>",
          "<hash>",
          "<hash>",
          "<hash>",
          "<hash>",
          "<hash>",
          "<hash>",
          "<hash>",
          "<hash>",
          "<hash>",
          "<hash>",
          "<hash>",
          "<hash>",
          "<hash>",
          "<hash>",
          "<hash>",
          "<hash>",
          "<hash>",
          "<hash>",
          "<hash>",
          "<hash>",
          "<hash>",
          "<hash>",
          "<hash>",
          "<hash>",
          "<hash>",
          "<hash>",
          "<hash>",
          "<hash>",
          "<hash>",
          "<hash>",
          "<hash>",
          "<hash>",
          "<hash>",
          "<hash>",
          "<hash>",
          "<hash>",
          "<hash>",
          "<hash>",
          "<hash>",
          "<hash>",
          "<hash>",
          "<hash>",
          "<hash>",
          "<hash>",
          "<hash>",
          "<hash>"
        ],
        "win-x64": [
          "<hash>",
          "<hash>",
          "<hash>",
          "<hash>",
          "<hash>",
          "<hash>",
          "<hash>",
          "<hash>",
          "<hash>",
          "<hash>",
          "<hash>",
          "<hash>",
          "<hash>",
          "<hash>",
          "<hash>",
          "<hash>",
          "<hash>",
          "<hash>",
          "<hash>",
          "<hash>",
          "<hash>",
          "<hash>",
          "<hash>",
          "<hash>",
          "<hash>",
          "<hash>",
          "<hash>",
          "<hash>",
          "<hash>",
          "<hash>",
          "<hash>",
          "<hash>",
          "<hash>",
          "<hash>",
          "<hash>",
          "<hash>",
          "<hash>",
          "<hash>",
          "<hash>",
          "<hash>",
          "<hash>",
          "<hash>",
          "<hash>",
          "<hash>",
          "<hash>",
          "<hash>",
          "<hash>",
          "<hash>",
          "<hash>",
          "<hash>",
          "<hash>",
          "<hash>",
          "<hash>",
          "<hash>",
          "<hash>",
          "<hash>",
          "<hash>",
          "<hash>",
          "<hash>",
          "<hash>",
          "<hash>",
          "<hash>",
          "<hash>",
          "<hash>",
          "<hash>",
          "<hash>",
          "<hash>",
          "<hash>",
          "<hash>",
          "<hash>",
          "<hash>",
          "<hash>",
          "<hash>",
          "<hash>",
          "<hash>",
          "<hash>",
          "<hash>",
          "<hash>",
          "<hash>",
          "<hash>",
          "<hash>",
          "<hash>",
          "<hash>",
          "<hash>",
          "<hash>",
          "<hash>",
          "<hash>",
          "<hash>",
          "<hash>",
          "<hash>",
          "<hash>",
          "<hash>",
          "<hash>",
          "<hash>",
          "<hash>",
          "<hash>",
          "<hash>",
          "<hash>",
          "<hash>",
          "<hash>",
          "<hash>",
          "<hash>",
          "<hash>",
          "<hash>",
          "<hash>",
          "<hash>",
          "<hash>",
          "<hash>",
          "<hash>",
          "<hash>",
          "<hash>",
          "<hash>",
          "<hash>",
          "<hash>",
          "<hash>",
          "<hash>",
          "<hash>",
          "<hash>",
          "<hash>",
          "<hash>",
          "<hash>",
          "<hash>",
          "<hash>",
          "<hash>",
          "<hash>",
          "<hash>",
          "<hash>",
          "<hash>",
          "<hash>",
          "<hash>",
          "<hash>",
          "<hash>",
          "<hash>",
          "<hash>",
          "<hash>",
          "<hash>",
          "<hash>",
          "<hash>",
          "<hash>",
          "<hash>",
          "<hash>",
          "<hash>",
          "<hash>",
          "<hash>",
          "<hash>",
          "<hash>",
          "<hash>",
          "<hash>",
          "<hash>",
          "<hash>",
          "<hash>",
          "<hash>",
          "<hash>",
          "<hash>",
          "<hash>",
          "<hash>",
          "<hash>",
          "<hash>",
          "<hash>",
          "<hash>",
          "<hash>",
          "<hash>",
          "<hash>",
          "<hash>",
          "<hash>",
          "<hash>",
          "<hash>",
          "<hash>",
          "<hash>",
          "<hash>",
          "<hash>",
          "<hash>",
          "<hash>",
          "<hash>",
          "<hash>",
          "<hash>",
          "<hash>",
          "<hash>",
          "<hash>",
          "<hash>",
          "<hash>",
          "<hash>",
          "<hash>",
          "<hash>",
          "<hash>",
          "<hash>",
          "<hash>",
          "<hash>",
          "<hash>",
          "<hash>",
          "<hash>",
          "<hash>",
          "<hash>",
          "<hash>",
          "<hash>",
          "<hash>",
          "<hash>",
          "<hash>",
          "<hash>",
          "<hash>",
          "<hash>",
          "<hash>",
          "<hash>",
          "<hash>",
          "<hash>",
          "<hash>",
          "<hash>",
          "<hash>",
          "<hash>",
          "<hash>",
          "<hash>",
          "<hash>",
          "<hash>",
          "<hash>",
          "<hash>",
          "<hash>",
          "<hash>",
          "<hash>",
          "<hash>",
          "<hash>",
          "<hash>",
          "<hash>",
          "<hash>",
          "<hash>",
          "<hash>",
          "<hash>",
          "<hash>",
          "<hash>",
          "<hash>",
          "<hash>",
          "<hash>",
          "<hash>",
          "<hash>",
          "<hash>",
          "<hash>",
          "<hash>",
          "<hash>",
          "<hash>",
          "<hash>",
          "<hash>",
          "<hash>",
          "<hash>",
          "<hash>",
          "<hash>",
          "<hash>",
          "<hash>",
          "<hash>",
          "<hash>",
          "<hash>",
          "<hash>",
          "<hash>",
          "<hash>",
          "<hash>",
          "<hash>",
          "<hash>",
          "<hash>",
          "<hash>",
          "<hash>",
          "<hash>",
          "<hash>",
          "<hash>",
          "<hash>",
          "<hash>",
          "<hash>",
          "<hash>",
          "<hash>",
          "<hash>",
          "<hash>",
          "<hash>",
          "<hash>",
          "<hash>",
          "<hash>",
          "<hash>",
          "<hash>",
          "<hash>",
          "<hash>",
          "<hash>",
          "<hash>",
          "<hash>",
          "<hash>",
          "<hash>",
          "<hash>",
          "<hash>",
          "<hash>",
          "<hash>",
          "<hash>",
          "<hash>",
          "<hash>",
          "<hash>",
          "<hash>",
          "<hash>",
          "<hash>",
          "<hash>",
          "<hash>",
          "<hash>",
          "<hash>",
          "<hash>",
          "<hash>",
          "<hash>",
          "<hash>",
          "<hash>",
          "<hash>",
          "<hash>",
          "<hash>",
          "<hash>",
          "<hash>",
          "<hash>",
          "<hash>",
          "<hash>",
          "<hash>",
          "<hash>",
          "<hash>",
          "<hash>",
          "<hash>",
          "<hash>",
          "<hash>",
          "<hash>",
          "<hash>",
          "<hash>",
          "<hash>",
          "<hash>",
          "<hash>",
          "<hash>",
          "<hash>",
          "<hash>",
          "<hash>",
          "<hash>",
          "<hash>",
          "<hash>",
          "<hash>",
          "<hash>",
          "<hash>",
          "<hash>",
          "<hash>",
          "<hash>",
          "<hash>",
          "<hash>",
          "<hash>",
          "<hash>",
          "<hash>",
          "<hash>",
          "<hash>",
          "<hash>",
          "<hash>",
          "<hash>",
          "<hash>"
        ]
      }
    }
  }
}